[pancakeswap.finance/index.html]
[pancakeswap.finance/images/hero.png]
[backblue.gif]
[fade.gif]
[index.html]
[pancakeswap.finance/favicon.ico]
[pancakeswap.finance/logo.png]
[pancakeswap.finance/manifest.json]
[pancakeswap.finance/_next/static/css/9330255391ad7502.css]
[pancakeswap.finance/_next/static/chunks/polyfills-5cd94c89d3acac5f.js]
[pancakeswap.finance/_next/static/chunks/webpack-4d4c58403b563810.js]
[pancakeswap.finance/_next/static/chunks/framework-560765ab0625ba27.js]
[pancakeswap.finance/_next/static/chunks/main-e4a38b069e3e8e20.js]
[pancakeswap.finance/_next/static/chunks/5675-55bfa73a3f2ba4b5.js]
[pancakeswap.finance/_next/static/chunks/7857-3a9b0222f12d09ad.js]
[pancakeswap.finance/_next/static/chunks/8352-2ac3a42567ac18b6.js]
[pancakeswap.finance/_next/static/chunks/5440-3a28edcd5fd4d506.js]
[pancakeswap.finance/_next/static/chunks/1009-4740a32597fce5ae.js]
[pancakeswap.finance/_next/static/chunks/pages/index-5e975717648c1437.js]
[pancakeswap.finance/_next/static/rqOXMMWhrArGRXPUhBAi9/_buildManifest.js]
[pancakeswap.finance/_next/static/rqOXMMWhrArGRXPUhBAi9/_ssgManifest.js]
[pancakeswap.finance/_next/static/chunks/pages/_app-2bd266a43ff35f29.js]
[pancakeswap.finance/_next/static/rqOXMMWhrArGRXPUhBAi9/_middlewareManifest.js]
[pancakeswap.finance/index.html]
[pancakeswap.finance/_next/static/css/9330255391ad7502.css]
